../Core/Src/ds18b20.c:18:6:DWT_Delay_Init	4	static
../Core/Src/ds18b20.c:25:6:delay_us	24	static
../Core/Src/ds18b20.c:58:13:DQ_Output	4	static
../Core/Src/ds18b20.c:70:13:DQ_Input	4	static
../Core/Src/ds18b20.c:81:20:DQ_Low	8	static
../Core/Src/ds18b20.c:87:20:DQ_Release	8	static
../Core/Src/ds18b20.c:97:23:DQ_Read	4	static
../Core/Src/ds18b20.c:110:9:DS18B20_Reset	16	static
../Core/Src/ds18b20.c:129:13:DS18B20_WriteBit	16	static
../Core/Src/ds18b20.c:147:16:DS18B20_ReadBit	16	static
../Core/Src/ds18b20.c:164:13:DS18B20_WriteByte	24	static
../Core/Src/ds18b20.c:173:16:DS18B20_ReadByte	16	static
../Core/Src/ds18b20.c:187:7:DS18B20_ReadTemperature	16	static
